2021-03-11 22:34:55,664:INFO:flipkrat.py:Url hitted
2021-03-11 22:34:55,871:INFO:flipkrat.py:login popup handled
2021-03-11 22:34:56,219:INFO:flipkrat.py:Search begins
2021-03-11 22:34:59,039:INFO:flipkrat.py:Data saved in scrapper file
2021-03-11 22:35:58,120:INFO:flipkrat.py:Url hitted
2021-03-11 22:35:58,315:INFO:flipkrat.py:login popup handled
2021-03-11 22:35:58,591:INFO:flipkrat.py:Search begins
2021-03-11 22:36:01,400:INFO:flipkrat.py:Data saved in scrapper file
2021-03-11 22:36:23,309:INFO:flipkrat.py:Url hitted
2021-03-11 22:36:23,496:INFO:flipkrat.py:login popup handled
2021-03-11 22:36:23,770:INFO:flipkrat.py:Search begins
2021-03-11 22:36:33,418:INFO:flipkrat.py:Url hitted
2021-03-11 22:36:33,647:INFO:flipkrat.py:login popup handled
2021-03-11 22:36:34,002:INFO:flipkrat.py:Search begins
2021-03-11 22:36:36,914:INFO:flipkrat.py:Data saved in scrapper file
2021-03-11 22:37:59,845:INFO:flipkrat.py:Thread run completed
2021-03-12 18:10:07,996:INFO:flipkrat.py:Url hitted
2021-03-12 18:10:08,216:INFO:flipkrat.py:login popup handled
2021-03-12 18:10:08,649:INFO:flipkrat.py:Search begins for Nike
2021-03-12 18:10:15,835:INFO:flipkrat.py:Data saved in scrapper file
2021-03-12 18:21:17,976:INFO:flipkrat.py:Url hitted
2021-03-12 18:21:18,307:INFO:flipkrat.py:login popup handled
2021-03-12 18:21:18,661:INFO:flipkrat.py:Search begins for shorts
2021-03-12 18:21:45,120:INFO:flipkrat.py:Thread run completed
2021-03-12 18:51:46,598:INFO:flipkrat.py:Url hitted
2021-03-12 18:51:46,854:INFO:flipkrat.py:login popup handled
2021-03-12 18:51:47,148:INFO:flipkrat.py:Search begins for Nike
2021-03-12 18:51:52,934:INFO:flipkrat.py:Data saved in scrapper file
2021-03-12 18:59:13,412:INFO:flipkrat.py:Url hitted
2021-03-12 18:59:13,585:INFO:flipkrat.py:login popup handled
2021-03-12 18:59:13,871:INFO:flipkrat.py:Search begins for Nike
2021-03-12 18:59:20,027:INFO:flipkrat.py:Data saved in scrapper file
2021-03-12 19:05:39,138:INFO:flipkrat.py:Url hitted
2021-03-12 19:05:39,293:INFO:flipkrat.py:login popup handled
2021-03-12 19:05:39,627:INFO:flipkrat.py:Search begins for Saree
2021-03-12 19:05:45,435:INFO:flipkrat.py:Data saved in scrapper file
2021-03-12 19:48:30,551:INFO:flipkrat.py:Url hitted
2021-03-12 19:48:32,022:INFO:flipkrat.py:login popup handled
2021-03-12 19:48:33,971:INFO:flipkrat.py:Search begins for Nike
2021-03-12 19:48:39,271:INFO:flipkrat.py:Data saved in scrapper file
2021-03-12 19:52:16,469:INFO:flipkrat.py:Url hitted
2021-03-12 19:52:16,797:INFO:flipkrat.py:login popup handled
2021-03-12 19:52:17,244:INFO:flipkrat.py:Search begins for Nike
2021-03-12 19:52:19,627:INFO:flipkrat.py:Data saved in scrapper file
2021-03-12 22:38:31,082:INFO:flipkrat.py:Url hitted
2021-03-12 22:38:31,387:INFO:flipkrat.py:login popup handled
2021-03-12 22:38:31,835:INFO:flipkrat.py:Search begins for Nike
2021-03-12 22:38:38,080:INFO:flipkrat.py:Data saved in scrapper file
2022-08-12 13:59:51,503:INFO:flipkrat.py:Url hitted
2022-08-12 13:59:51,755:INFO:flipkrat.py:login popup handled
2022-08-12 13:59:52,118:INFO:flipkrat.py:Search begins for realme
2022-08-12 14:00:15,123:INFO:flipkrat.py:Thread run completed
2022-08-12 14:02:08,478:INFO:flipkrat.py:Url hitted
2022-08-12 14:02:08,767:INFO:flipkrat.py:login popup handled
2022-08-12 14:02:09,370:INFO:flipkrat.py:Search begins for Iphone-7
2022-08-13 11:00:15,999:INFO:flipkrat.py:Url hitted
2022-08-13 11:00:16,264:INFO:flipkrat.py:login popup handled
2022-08-13 11:00:16,770:INFO:flipkrat.py:Search begins for delllaptop
2022-08-13 11:00:18,778:INFO:flipkrat.py:Url hitted
2022-08-13 11:00:19,001:INFO:flipkrat.py:login popup handled
2022-08-13 11:00:19,366:INFO:flipkrat.py:Search begins for delllaptop
2022-08-13 11:01:46,595:INFO:flipkrat.py:Thread run completed
2022-08-13 11:02:44,389:INFO:flipkrat.py:Url hitted
2022-08-13 11:02:44,493:INFO:flipkrat.py:login popup handled
2022-08-13 11:02:44,708:INFO:flipkrat.py:Search begins for watchs
2022-08-13 11:03:33,994:INFO:flipkrat.py:Thread run completed
2022-08-13 11:05:12,873:INFO:flipkrat.py:Url hitted
2022-08-13 11:05:13,065:INFO:flipkrat.py:login popup handled
2022-08-13 11:05:13,316:INFO:flipkrat.py:Search begins for mitv
2022-08-13 11:05:31,932:INFO:flipkrat.py:Thread run completed
2022-08-13 11:08:33,440:INFO:flipkrat.py:Url hitted
2022-08-13 11:08:33,606:INFO:flipkrat.py:login popup handled
2022-08-13 11:08:33,897:INFO:flipkrat.py:Search begins for samsung
2022-08-13 11:08:58,626:INFO:flipkrat.py:Thread run completed
2022-08-13 11:10:31,962:INFO:flipkrat.py:Url hitted
2022-08-13 11:10:32,154:INFO:flipkrat.py:login popup handled
2022-08-13 11:10:32,415:INFO:flipkrat.py:Search begins for lahanga
2022-08-13 11:11:05,150:INFO:flipkrat.py:Thread run completed
